Interleave Yield
Thread 1 = [0, 4, 8, 12, 16, 20, 24, 28, 32, 36]
Thread 2 = [1, 5, 9, 13, 17, 21, 25, 29, 33, 37]
Thread 3 = [2, 6, 10, 14, 18, 22, 26, 30, 34, 38]
Thread 4 = [3, 7, 11, 15, 19, 23, 27, 31, 35, 39]
